temperature		AR_MC
0.0046080000		0.219849
0.0050688000		0.236912
0.0055756800		0.264324
0.0061332480		0.287521
0.0067465728		0.303543
0.0074212300		0.319708
0.0081633530		0.340511
0.0089796883		0.362609
0.0098776571		0.388625
0.0108654228		0.410554
0.0119519650		0.427865
0.0131471615		0.451626
0.0144618776		0.474462
0.0159080653		0.497786
0.0174988718		0.510137
0.0192487589		0.521198
0.0211736347		0.548567
0.0232909981		0.561976
0.0256200979		0.576299
