********************************************************************************
scluster (CLUTO 2.1.2) Copyright 2001-06, Regents of the University of Minnesota

Graph Information ------------------------------------------------------------
  Name: 1a07C1-matrixH.sdf, #Vtxs: 11, #Edges: 121

Options ----------------------------------------------------------------------
  CLMethod=RB, CRfun=I2, #Clusters: 5
  EdgePrune=-1.00, VtxPrune=-1.00, GrModel=SY-DIR, NNbrs=40, MinComponent=5
  CSType=Best, AggloFrom=0, AggloCRFun=I2, NTrials=10, NIter=10

Solution ---------------------------------------------------------------------

------------------------------------------------------------------------
5-way clustering: [I2=1.04e+01] [11 of 11]
------------------------------------------------------------------------
cid  Size  ISim  ISdev   ESim  ESdev  | 
------------------------------------------------------------------------
  0     1  +nan  +nan +0.297  +nan | 
  1     5 +0.821 +0.038 +0.561 +0.018 | 
  2     1  +nan  +nan +0.451  +nan | 
  3     1  +nan  +nan +0.377  +nan | 
  4     3 +0.826 +0.019 +0.570 +0.004 | 
------------------------------------------------------------------------

Timing Information -----------------------------------------------------------
   I/O:                                   0.002 sec
   Clustering:                            0.000 sec
   Reporting:                             0.000 sec
Memory Usage Information -----------------------------------------------------
   Maximum memory used:                    8192 bytes
   Current memory used:                    3160 bytes
********************************************************************************
